command: tox -e py313 -- test/test_audioread.py::test_audioread_early_exit
cwd: C:\Dev\ControllerGate_runtime\batch060\audioread_144_py313_aifc_removed\checkout
returncode: 1
timed_out: False
elapsed_seconds: 15.339

--- stdout ---
.pkg: _optional_hooks> python C:\Dev\ControllerGate_runtime\batch060\audioread_144_py313_aifc_removed\provider_venv\Lib\site-packages\pyproject_api\_backend.py True flit_core.buildapi
.pkg: get_requires_for_build_sdist> python C:\Dev\ControllerGate_runtime\batch060\audioread_144_py313_aifc_removed\provider_venv\Lib\site-packages\pyproject_api\_backend.py True flit_core.buildapi
.pkg: build_sdist> python C:\Dev\ControllerGate_runtime\batch060\audioread_144_py313_aifc_removed\provider_venv\Lib\site-packages\pyproject_api\_backend.py True flit_core.buildapi
py313: install_package> python -I -m pip install --force-reinstall --no-deps C:\Dev\ControllerGate_Runtime\batch060\audioread_144_py313_aifc_removed\tox_work\.tmp\package\2\audioread-3.0.2.tar.gz
py313: commands[0]> pytest test/test_audioread.py::test_audioread_early_exit
============================= test session starts =============================
platform win32 -- Python 3.13.14, pytest-9.1.1, pluggy-1.6.0
cachedir: C:\Dev\ControllerGate_Runtime\batch060\audioread_144_py313_aifc_removed\tox_work\py313\.pytest_cache
rootdir: C:\Dev\ControllerGate_Runtime\batch060\audioread_144_py313_aifc_removed\checkout
configfile: pyproject.toml
collected 2 items

test\test_audioread.py FF                                                [100%]

================================== FAILURES ===================================
______________________ test_audioread_early_exit[test-1] ______________________

audiofile = <conftest.AudiofileSpec object at 0x0000020184654EC0>

    def test_audioread_early_exit(audiofile):
        """Abort the read before it is completed.

        This test guards against regressions such as
        https://github.com/beetbox/audioread/pull/78

        """
>       with audioread.audio_open(audiofile.path) as a:
             ^^^^^^^^^^^^^^^^^^^^^^^^^^^^^^^^^^^^

test\test_audioread.py:29:
_ _ _ _ _ _ _ _ _ _ _ _ _ _ _ _ _ _ _ _ _ _ _ _ _ _ _ _ _ _ _ _ _ _ _ _ _ _ _ _
..\tox_work\py313\Lib\site-packages\audioread\__init__.py:123: in audio_open
    backends = available_backends()
               ^^^^^^^^^^^^^^^^^^^^
..\tox_work\py313\Lib\site-packages\audioread\__init__.py:80: in available_backends
    from . import rawread
_ _ _ _ _ _ _ _ _ _ _ _ _ _ _ _ _ _ _ _ _ _ _ _ _ _ _ _ _ _ _ _ _ _ _ _ _ _ _ _

    # This file is part of audioread.
    # Copyright 2011, Adrian Sampson.
    #
    # Permission is hereby granted, free of charge, to any person obtaining
    # a copy of this software and associated documentation files (the
    # "Software"), to deal in the Software without restriction, including
    # without limitation the rights to use, copy, modify, merge, publish,
    # distribute, sublicense, and/or sell copies of the Software, and to
    # permit persons to whom the Software is furnished to do so, subject to
    # the following conditions:
    #
    # The above copyright notice and this permission notice shall be
    # included in all copies or substantial portions of the Software.

    """Uses standard-library modules to read AIFF, AIFF-C, and WAV files."""
>   import aifc
E   ModuleNotFoundError: No module named 'aifc'

..\tox_work\py313\Lib\site-packages\audioread\rawread.py:16: ModuleNotFoundError
______________________ test_audioread_early_exit[test-2] ______________________

audiofile = <conftest.AudiofileSpec object at 0x00000201845DBC50>

    def test_audioread_early_exit(audiofile):
        """Abort the read before it is completed.

        This test guards against regressions such as
        https://github.com/beetbox/audioread/pull/78

        """
>       with audioread.audio_open(audiofile.path) as a:
             ^^^^^^^^^^^^^^^^^^^^^^^^^^^^^^^^^^^^

test\test_audioread.py:29:
_ _ _ _ _ _ _ _ _ _ _ _ _ _ _ _ _ _ _ _ _ _ _ _ _ _ _ _ _ _ _ _ _ _ _ _ _ _ _ _
..\tox_work\py313\Lib\site-packages\audioread\__init__.py:123: in audio_open
    backends = available_backends()
               ^^^^^^^^^^^^^^^^^^^^
..\tox_work\py313\Lib\site-packages\audioread\__init__.py:80: in available_backends
    from . import rawread
_ _ _ _ _ _ _ _ _ _ _ _ _ _ _ _ _ _ _ _ _ _ _ _ _ _ _ _ _ _ _ _ _ _ _ _ _ _ _ _

    # This file is part of audioread.
    # Copyright 2011, Adrian Sampson.
    #
    # Permission is hereby granted, free of charge, to any person obtaining
    # a copy of this software and associated documentation files (the
    # "Software"), to deal in the Software without restriction, including
    # without limitation the rights to use, copy, modify, merge, publish,
    # distribute, sublicense, and/or sell copies of the Software, and to
    # permit persons to whom the Software is furnished to do so, subject to
    # the following conditions:
    #
    # The above copyright notice and this permission notice shall be
    # included in all copies or substantial portions of the Software.

    """Uses standard-library modules to read AIFF, AIFF-C, and WAV files."""
>   import aifc
E   ModuleNotFoundError: No module named 'aifc'

..\tox_work\py313\Lib\site-packages\audioread\rawread.py:16: ModuleNotFoundError
=========================== short test summary info ===========================
FAILED test/test_audioread.py::test_audioread_early_exit[test-1] - ModuleNotF...
FAILED test/test_audioread.py::test_audioread_early_exit[test-2] - ModuleNotF...
============================== 2 failed in 0.26s ==============================
py313: exit 1 (1.88 seconds) C:\Dev\ControllerGate_Runtime\batch060\audioread_144_py313_aifc_removed\checkout> pytest test/test_audioread.py::test_audioread_early_exit pid=7232
.pkg: _exit> python C:\Dev\ControllerGate_runtime\batch060\audioread_144_py313_aifc_removed\provider_venv\Lib\site-packages\pyproject_api\_backend.py True flit_core.buildapi
  py313: FAIL code 1 (13.74=setup[11.86]+cmd[1.88] seconds)
  evaluation failed :( (13.88 seconds)

--- stderr ---
