Processing .\source
  Installing build dependencies: started
  Installing build dependencies: finished with status 'done'
  Getting requirements to build wheel: started
  Getting requirements to build wheel: finished with status 'done'
  Preparing metadata (pyproject.toml): started
  Preparing metadata (pyproject.toml): finished with status 'done'
Collecting build<2.0.0,>=1.2.1 (from poetry==2.4.1)
  Downloading build-1.5.1-py3-none-any.whl.metadata (5.6 kB)
Collecting cachecontrol<0.15.0,>=0.14.0 (from cachecontrol[filecache]<0.15.0,>=0.14.0->poetry==2.4.1)
  Downloading cachecontrol-0.14.4-py3-none-any.whl.metadata (3.1 kB)
Collecting cleo<3.0.0,>=2.1.0 (from poetry==2.4.1)
  Downloading cleo-2.1.0-py3-none-any.whl.metadata (12 kB)
Collecting dulwich<2,>=0.25.0 (from poetry==2.4.1)
  Downloading dulwich-1.2.10-cp313-cp313-win_amd64.whl.metadata (6.2 kB)
Collecting fastjsonschema<3.0.0,>=2.18.0 (from poetry==2.4.1)
  Downloading fastjsonschema-2.21.2-py3-none-any.whl.metadata (2.3 kB)
Collecting findpython<0.9.0,>=0.6.2 (from poetry==2.4.1)
  Downloading findpython-0.8.0-py3-none-any.whl.metadata (5.4 kB)
Collecting installer<2.0.0,>=0.7.0 (from poetry==2.4.1)
  Downloading installer-1.0.1-py3-none-any.whl.metadata (1.2 kB)
Collecting keyring<26.0.0,>=25.1.0 (from poetry==2.4.1)
  Downloading keyring-25.7.0-py3-none-any.whl.metadata (21 kB)
Collecting packaging>=24.2 (from poetry==2.4.1)
  Downloading packaging-26.2-py3-none-any.whl.metadata (3.5 kB)
Collecting pbs-installer>=2025.6.10 (from pbs-installer[download,install]>=2025.6.10->poetry==2.4.1)
  Downloading pbs_installer-2026.6.10-py3-none-any.whl.metadata (1.0 kB)
Collecting pkginfo<2.0,>=1.12 (from poetry==2.4.1)
  Downloading pkginfo-1.12.1.2-py3-none-any.whl.metadata (13 kB)
Collecting platformdirs<5,>=3.0.0 (from poetry==2.4.1)
  Downloading platformdirs-4.10.0-py3-none-any.whl.metadata (5.5 kB)
Collecting poetry-core==2.4.0 (from poetry==2.4.1)
  Downloading poetry_core-2.4.0-py3-none-any.whl.metadata (3.8 kB)
Collecting pyproject-hooks<2.0.0,>=1.0.0 (from poetry==2.4.1)
  Downloading pyproject_hooks-1.2.0-py3-none-any.whl.metadata (1.3 kB)
Collecting requests<3.0,>=2.26 (from poetry==2.4.1)
  Downloading requests-2.34.2-py3-none-any.whl.metadata (4.8 kB)
Collecting requests-toolbelt<2.0.0,>=1.0.0 (from poetry==2.4.1)
  Downloading requests_toolbelt-1.0.0-py2.py3-none-any.whl.metadata (14 kB)
Collecting shellingham<2.0,>=1.5 (from poetry==2.4.1)
  Downloading shellingham-1.5.4-py2.py3-none-any.whl.metadata (3.5 kB)
Collecting tomlkit<1.0.0,>=0.11.4 (from poetry==2.4.1)
  Downloading tomlkit-0.15.0-py3-none-any.whl.metadata (2.8 kB)
Collecting trove-classifiers>=2022.5.19 (from poetry==2.4.1)
  Downloading trove_classifiers-2026.6.1.19-py3-none-any.whl.metadata (2.3 kB)
Collecting virtualenv>=20.26.6 (from poetry==2.4.1)
  Downloading virtualenv-21.6.1-py3-none-any.whl.metadata (3.4 kB)
Collecting colorama (from build<2.0.0,>=1.2.1->poetry==2.4.1)
  Downloading colorama-0.4.6-py2.py3-none-any.whl.metadata (17 kB)
Collecting msgpack<2.0.0,>=0.5.2 (from cachecontrol<0.15.0,>=0.14.0->cachecontrol[filecache]<0.15.0,>=0.14.0->poetry==2.4.1)
  Downloading msgpack-1.2.1-cp313-cp313-win_amd64.whl.metadata (8.5 kB)
Collecting filelock>=3.8.0 (from cachecontrol[filecache]<0.15.0,>=0.14.0->poetry==2.4.1)
  Downloading filelock-3.29.7-py3-none-any.whl.metadata (2.0 kB)
Collecting crashtest<0.5.0,>=0.4.1 (from cleo<3.0.0,>=2.1.0->poetry==2.4.1)
  Downloading crashtest-0.4.1-py3-none-any.whl.metadata (1.1 kB)
Collecting rapidfuzz<4.0.0,>=3.0.0 (from cleo<3.0.0,>=2.1.0->poetry==2.4.1)
  Downloading rapidfuzz-3.14.5-cp313-cp313-win_amd64.whl.metadata (12 kB)
Collecting urllib3>=2.2.2 (from dulwich<2,>=0.25.0->poetry==2.4.1)
  Downloading urllib3-2.7.0-py3-none-any.whl.metadata (6.9 kB)
Collecting pywin32-ctypes>=0.2.0 (from keyring<26.0.0,>=25.1.0->poetry==2.4.1)
  Downloading pywin32_ctypes-0.2.3-py3-none-any.whl.metadata (3.9 kB)
Collecting jaraco.classes (from keyring<26.0.0,>=25.1.0->poetry==2.4.1)
  Downloading jaraco.classes-3.4.0-py3-none-any.whl.metadata (2.6 kB)
Collecting jaraco.functools (from keyring<26.0.0,>=25.1.0->poetry==2.4.1)
  Downloading jaraco_functools-4.5.0-py3-none-any.whl.metadata (2.9 kB)
Collecting jaraco.context (from keyring<26.0.0,>=25.1.0->poetry==2.4.1)
  Downloading jaraco_context-6.1.2-py3-none-any.whl.metadata (4.2 kB)
Collecting charset_normalizer<4,>=2 (from requests<3.0,>=2.26->poetry==2.4.1)
  Downloading charset_normalizer-3.4.9-cp313-cp313-win_amd64.whl.metadata (42 kB)
Collecting idna<4,>=2.5 (from requests<3.0,>=2.26->poetry==2.4.1)
  Downloading idna-3.18-py3-none-any.whl.metadata (6.1 kB)
Collecting certifi>=2023.5.7 (from requests<3.0,>=2.26->poetry==2.4.1)
  Downloading certifi-2026.6.17-py3-none-any.whl.metadata (2.5 kB)
Collecting httpx<1,>=0.27.0 (from pbs-installer[download,install]>=2025.6.10->poetry==2.4.1)
  Downloading httpx-0.28.1-py3-none-any.whl.metadata (7.1 kB)
Collecting backports.zstd>=1.0.0 (from pbs-installer[download,install]>=2025.6.10->poetry==2.4.1)
  Downloading backports_zstd-1.6.0-cp313-cp313-win_amd64.whl.metadata (7.0 kB)
Collecting anyio (from httpx<1,>=0.27.0->pbs-installer[download,install]>=2025.6.10->poetry==2.4.1)
  Downloading anyio-4.14.2-py3-none-any.whl.metadata (4.6 kB)
Collecting httpcore==1.* (from httpx<1,>=0.27.0->pbs-installer[download,install]>=2025.6.10->poetry==2.4.1)
  Downloading httpcore-1.0.9-py3-none-any.whl.metadata (21 kB)
Collecting h11>=0.16 (from httpcore==1.*->httpx<1,>=0.27.0->pbs-installer[download,install]>=2025.6.10->poetry==2.4.1)
  Downloading h11-0.16.0-py3-none-any.whl.metadata (8.3 kB)
Collecting distlib<1,>=0.3.7 (from virtualenv>=20.26.6->poetry==2.4.1)
  Downloading distlib-0.4.3-py2.py3-none-any.whl.metadata (5.3 kB)
Collecting python-discovery>=1.4.2 (from virtualenv>=20.26.6->poetry==2.4.1)
  Downloading python_discovery-1.4.4-py3-none-any.whl.metadata (5.6 kB)
Collecting more-itertools (from jaraco.classes->keyring<26.0.0,>=25.1.0->poetry==2.4.1)
  Downloading more_itertools-11.1.0-py3-none-any.whl.metadata (41 kB)
Downloading poetry_core-2.4.0-py3-none-any.whl (374 kB)
Downloading build-1.5.1-py3-none-any.whl (31 kB)
Downloading cachecontrol-0.14.4-py3-none-any.whl (22 kB)
Downloading cleo-2.1.0-py3-none-any.whl (78 kB)
Downloading crashtest-0.4.1-py3-none-any.whl (7.6 kB)
Downloading dulwich-1.2.10-cp313-cp313-win_amd64.whl (1.1 MB)
   ---------------------------------------- 1.1/1.1 MB 9.9 MB/s  0:00:00
Downloading fastjsonschema-2.21.2-py3-none-any.whl (24 kB)
Downloading findpython-0.8.0-py3-none-any.whl (21 kB)
Downloading installer-1.0.1-py3-none-any.whl (464 kB)
Downloading keyring-25.7.0-py3-none-any.whl (39 kB)
Downloading msgpack-1.2.1-cp313-cp313-win_amd64.whl (71 kB)
Downloading pkginfo-1.12.1.2-py3-none-any.whl (32 kB)
Downloading platformdirs-4.10.0-py3-none-any.whl (22 kB)
Downloading pyproject_hooks-1.2.0-py3-none-any.whl (10 kB)
Downloading rapidfuzz-3.14.5-cp313-cp313-win_amd64.whl (1.5 MB)
   ---------------------------------------- 1.5/1.5 MB 5.0 MB/s  0:00:00
Downloading requests-2.34.2-py3-none-any.whl (73 kB)
Downloading charset_normalizer-3.4.9-cp313-cp313-win_amd64.whl (161 kB)
Downloading idna-3.18-py3-none-any.whl (65 kB)
Downloading requests_toolbelt-1.0.0-py2.py3-none-any.whl (54 kB)
Downloading shellingham-1.5.4-py2.py3-none-any.whl (9.8 kB)
Downloading tomlkit-0.15.0-py3-none-any.whl (41 kB)
Downloading urllib3-2.7.0-py3-none-any.whl (131 kB)
Downloading certifi-2026.6.17-py3-none-any.whl (133 kB)
Downloading filelock-3.29.7-py3-none-any.whl (46 kB)
Downloading packaging-26.2-py3-none-any.whl (100 kB)
Downloading pbs_installer-2026.6.10-py3-none-any.whl (75 kB)
Downloading httpx-0.28.1-py3-none-any.whl (73 kB)
Downloading httpcore-1.0.9-py3-none-any.whl (78 kB)
Downloading backports_zstd-1.6.0-cp313-cp313-win_amd64.whl (329 kB)
Downloading h11-0.16.0-py3-none-any.whl (37 kB)
Downloading pywin32_ctypes-0.2.3-py3-none-any.whl (30 kB)
Downloading trove_classifiers-2026.6.1.19-py3-none-any.whl (14 kB)
Downloading virtualenv-21.6.1-py3-none-any.whl (5.5 MB)
   ---------------------------------------- 5.5/5.5 MB 42.0 MB/s  0:00:00
Downloading distlib-0.4.3-py2.py3-none-any.whl (470 kB)
Downloading python_discovery-1.4.4-py3-none-any.whl (34 kB)
Downloading anyio-4.14.2-py3-none-any.whl (125 kB)
Downloading colorama-0.4.6-py2.py3-none-any.whl (25 kB)
Downloading jaraco.classes-3.4.0-py3-none-any.whl (6.8 kB)
Downloading jaraco_context-6.1.2-py3-none-any.whl (7.9 kB)
Downloading jaraco_functools-4.5.0-py3-none-any.whl (10 kB)
Downloading more_itertools-11.1.0-py3-none-any.whl (72 kB)
Saved d:\a\_temp\poetry-provider\wheelhouse\poetry_core-2.4.0-py3-none-any.whl
Saved d:\a\_temp\poetry-provider\wheelhouse\build-1.5.1-py3-none-any.whl
Saved d:\a\_temp\poetry-provider\wheelhouse\cachecontrol-0.14.4-py3-none-any.whl
Saved d:\a\_temp\poetry-provider\wheelhouse\cleo-2.1.0-py3-none-any.whl
Saved d:\a\_temp\poetry-provider\wheelhouse\crashtest-0.4.1-py3-none-any.whl
Saved d:\a\_temp\poetry-provider\wheelhouse\dulwich-1.2.10-cp313-cp313-win_amd64.whl
Saved d:\a\_temp\poetry-provider\wheelhouse\fastjsonschema-2.21.2-py3-none-any.whl
Saved d:\a\_temp\poetry-provider\wheelhouse\findpython-0.8.0-py3-none-any.whl
Saved d:\a\_temp\poetry-provider\wheelhouse\installer-1.0.1-py3-none-any.whl
Saved d:\a\_temp\poetry-provider\wheelhouse\keyring-25.7.0-py3-none-any.whl
Saved d:\a\_temp\poetry-provider\wheelhouse\msgpack-1.2.1-cp313-cp313-win_amd64.whl
Saved d:\a\_temp\poetry-provider\wheelhouse\pkginfo-1.12.1.2-py3-none-any.whl
Saved d:\a\_temp\poetry-provider\wheelhouse\platformdirs-4.10.0-py3-none-any.whl
Saved d:\a\_temp\poetry-provider\wheelhouse\pyproject_hooks-1.2.0-py3-none-any.whl
Saved d:\a\_temp\poetry-provider\wheelhouse\rapidfuzz-3.14.5-cp313-cp313-win_amd64.whl
Saved d:\a\_temp\poetry-provider\wheelhouse\requests-2.34.2-py3-none-any.whl
Saved d:\a\_temp\poetry-provider\wheelhouse\charset_normalizer-3.4.9-cp313-cp313-win_amd64.whl
Saved d:\a\_temp\poetry-provider\wheelhouse\idna-3.18-py3-none-any.whl
Saved d:\a\_temp\poetry-provider\wheelhouse\requests_toolbelt-1.0.0-py2.py3-none-any.whl
Saved d:\a\_temp\poetry-provider\wheelhouse\shellingham-1.5.4-py2.py3-none-any.whl
Saved d:\a\_temp\poetry-provider\wheelhouse\tomlkit-0.15.0-py3-none-any.whl
Saved d:\a\_temp\poetry-provider\wheelhouse\urllib3-2.7.0-py3-none-any.whl
Saved d:\a\_temp\poetry-provider\wheelhouse\certifi-2026.6.17-py3-none-any.whl
Saved d:\a\_temp\poetry-provider\wheelhouse\filelock-3.29.7-py3-none-any.whl
Saved d:\a\_temp\poetry-provider\wheelhouse\packaging-26.2-py3-none-any.whl
Saved d:\a\_temp\poetry-provider\wheelhouse\pbs_installer-2026.6.10-py3-none-any.whl
Saved d:\a\_temp\poetry-provider\wheelhouse\httpx-0.28.1-py3-none-any.whl
Saved d:\a\_temp\poetry-provider\wheelhouse\httpcore-1.0.9-py3-none-any.whl
Saved d:\a\_temp\poetry-provider\wheelhouse\backports_zstd-1.6.0-cp313-cp313-win_amd64.whl
Saved d:\a\_temp\poetry-provider\wheelhouse\h11-0.16.0-py3-none-any.whl
Saved d:\a\_temp\poetry-provider\wheelhouse\pywin32_ctypes-0.2.3-py3-none-any.whl
Saved d:\a\_temp\poetry-provider\wheelhouse\trove_classifiers-2026.6.1.19-py3-none-any.whl
Saved d:\a\_temp\poetry-provider\wheelhouse\virtualenv-21.6.1-py3-none-any.whl
Saved d:\a\_temp\poetry-provider\wheelhouse\distlib-0.4.3-py2.py3-none-any.whl
Saved d:\a\_temp\poetry-provider\wheelhouse\python_discovery-1.4.4-py3-none-any.whl
Saved d:\a\_temp\poetry-provider\wheelhouse\anyio-4.14.2-py3-none-any.whl
Saved d:\a\_temp\poetry-provider\wheelhouse\colorama-0.4.6-py2.py3-none-any.whl
Saved d:\a\_temp\poetry-provider\wheelhouse\jaraco.classes-3.4.0-py3-none-any.whl
Saved d:\a\_temp\poetry-provider\wheelhouse\jaraco_context-6.1.2-py3-none-any.whl
Saved d:\a\_temp\poetry-provider\wheelhouse\jaraco_functools-4.5.0-py3-none-any.whl
Saved d:\a\_temp\poetry-provider\wheelhouse\more_itertools-11.1.0-py3-none-any.whl
Building wheels for collected packages: poetry
  Building wheel for poetry (pyproject.toml): started
  Building wheel for poetry (pyproject.toml): finished with status 'done'
  Created wheel for poetry: filename=poetry-2.4.1-py3-none-any.whl size=294763 sha256=9966b44bef5410f1a5ba1d0659b14c8df246cc11684ef611bf9cfb6c2de8da1f
  Stored in directory: C:\Users\runneradmin\AppData\Local\Temp\pip-ephem-wheel-cache-ituot8xq\wheels\ab\55\6c\af7bbd4cd99b875912b55fc5f765d1749f6bf044f157b64224
Successfully built poetry
